// Jest Snapshot v1, https://goo.gl/fbAQLP

exports[`Card render proprely 1`] = `ShallowWrapper {}`;
