// Jest Snapshot v1, https://goo.gl/fbAQLP

exports[`ErrorPage render proprely 1`] = `ShallowWrapper {}`;
