// Jest Snapshot v1, https://goo.gl/fbAQLP

exports[`Loading render proprely 1`] = `ShallowWrapper {}`;
